21:12:49 **** Incremental Build of configuration Debug for project tcc ****
make -j4 all 
arm-none-eabi-gcc "../Core/Src/main.c" -mcpu=cortex-m4 -std=gnu11 -g3 -DDEBUG -DUSE_HAL_DRIVER -DSTM32F401xE -c -I../Core/Inc -I../Drivers/STM32F4xx_HAL_Driver/Inc -I../Drivers/STM32F4xx_HAL_Driver/Inc/Legacy -I../Drivers/CMSIS/Device/ST/STM32F4xx/Include -I../Drivers/CMSIS/Include -O0 -ffunction-sections -fdata-sections -Wall -fstack-usage -MMD -MP -MF"Core/Src/main.d" -MT"Core/Src/main.o" --specs=nano.specs -mfpu=fpv4-sp-d16 -mfloat-abi=hard -mthumb -o "Core/Src/main.o"
../Core/Src/main.c: In function 'main':
../Core/Src/main.c:117:56: warning: pointer targets in passing argument 1 of 'strlen' differ in signedness [-Wpointer-sign]
  117 |    HAL_UART_Transmit(&huart1, (uint8_t *) data, strlen(data), 10);
      |                                                        ^~~~
      |                                                        |
      |                                                        uint8_t * {aka unsigned char *}
In file included from ../Core/Src/main.c:25:
c:\st\stm32cubeide_1.7.0\stm32cubeide\plugins\com.st.stm32cube.ide.mcu.externaltools.gnu-tools-for-stm32.9-2020-q2-update.win32_2.0.0.202105311346\tools\arm-none-eabi\include\string.h:41:17: note: expected 'const char *' but argument is of type 'uint8_t *' {aka 'unsigned char *'}
   41 | size_t  strlen (const char *);
      |                 ^~~~~~~~~~~~
arm-none-eabi-gcc -o "tcc.elf" @"objects.list"   -mcpu=cortex-m4 -T"C:\Users\bianc\STM32CubeIDE\workspace_1.7.0\tcc\STM32F401RETX_FLASH.ld" --specs=nosys.specs -Wl,-Map="tcc.map" -Wl,--gc-sections -static --specs=nano.specs -mfpu=fpv4-sp-d16 -mfloat-abi=hard -mthumb -Wl,--start-group -lc -lm -Wl,--end-group
Finished building target: tcc.elf
 
arm-none-eabi-size   tcc.elf 
arm-none-eabi-objdump -h -S  tcc.elf  > "tcc.list"
arm-none-eabi-objcopy  -O binary  tcc.elf  "tcc.bin"
   text	   data	    bss	    dec	    hex	filename
  13096	    120	   1824	  15040	   3ac0	tcc.elf
Finished building: default.size.stdout
 
Finished building: tcc.bin
 
Finished building: tcc.list
 

21:12:50 Build Finished. 0 errors, 1 warnings. (took 1s.412ms)

